
===== 01_the-cry =====  (prompt 1336 chars, identical to both)
 [HF Kling pro] rendering...
   -> OK 551s  ok
 [direct-Kling] rendering...
     submitting Kling task...
     task_id=896521644314468411, polling...
   [task 896521644314...] status=submitted
   [task 896521644314...] status=processing
   [task 896521644314...] status=succeed
     downloading https://v16-kling-fdl.klingai.com/bs2/upload-ylab-stunt-sgp/...
   -> OK 97s  ok

===== 04_the-ninth-hour =====  (prompt 1357 chars, identical to both)
 [HF Kling pro] rendering...
   -> OK 564s  ok
 [direct-Kling] rendering...
     submitting Kling task...
     task_id=896524431928598625, polling...
   [task 896524431928...] status=submitted
   [task 896524431928...] status=processing
   [task 896524431928...] status=succeed
     downloading https://v16-kling-fdl.klingai.com/bs2/upload-ylab-stunt-sgp/...
   -> OK 72s  ok

==== BAKE-OFF DONE ====
  HF Kling pro : 2 ok  ~$3.76
  direct-Kling : 2 ok  ~$1.30
  results -> C:\Users\sanjay\PycharmProjects\JesusInTheBible\_bakeoff\results.json
