[gate] skipped (--no-gate)
[parse] 5 turn(s):
  [00] narrator    231 chars
  [01] david        44 chars
  [02] narrator     73 chars
  [03] jesus        44 chars
  [04] narrator    308 chars
[render] [00] narrator (LSi9zNCeliLuhIGGS0By) ... ok (286,346 bytes)
[skip ] 01_david.mp3 exists
[skip ] 02_narrator.mp3 exists
[skip ] 03_jesus.mp3 exists
[skip ] 04_narrator.mp3 exists

[probe] natural durations:
  NARR narrator    17.84s
  QUOTE david        4.08s
  NARR narrator     4.64s
  QUOTE jesus        3.84s
  NARR narrator    26.40s
  TOTAL natural: 56.80s (narrator 48.88s + quotes 7.92s)

[plan] NATURAL mode — atempo locked 1.0 (no stretch). natural total=58.20s vs ceiling 59.0s
[ok] under the 59.0s ceiling by 0.80s — leaving it natural.

[plan] target=59.0s  quote_total=7.92s  pauses=1.40s (2 quote(s) × pre=0.4s+post=0.3s)  narrator_target=49.68s  atempo=1.0000
[atempo] [00] 00_narrator.mp3 -> 00_narrator__atempo.mp3 (factor 1.0000)
[atempo] [02] 02_narrator.mp3 -> 02_narrator__atempo.mp3 (factor 1.0000)
[atempo] [04] 04_narrator.mp3 -> 04_narrator__atempo.mp3 (factor 1.0000)

[concat] 9 segments  total=58.18s (target 59.0s, delta -0.82s)
[done] wrote C:\Users\sanjay\PycharmProjects\JesusInTheBible\longform\02_Psalm_22_Song_From_The_Cross\v1\shorts\03_The_Forsaken_Cry\narration.mp3  duration=58.18s
[done] wrote C:\Users\sanjay\PycharmProjects\JesusInTheBible\longform\02_Psalm_22_Song_From_The_Cross\v1\shorts\03_The_Forsaken_Cry\narration.meta.json
