[gate] skipped (--no-gate)
[parse] 19 turn(s):
  [00] witness     984 chars
  [01] the_LORD    140 chars
  [02] witness     341 chars
  [03] scripture   121 chars
  [04] witness     413 chars
  [05] scripture    31 chars
  [06] witness     385 chars
  [07] scripture    54 chars
  [08] witness     206 chars
  [09] the_LORD    102 chars
  [10] witness     192 chars
  [11] scripture    25 chars
  [12] witness    1001 chars
  [13] scripture    78 chars
  [14] witness    1325 chars
  [15] jesus        59 chars
  [16] witness     349 chars
  [17] scripture   279 chars
  [18] witness    1852 chars
[skip ] 00_witness.mp3 exists
[skip ] 01_the_LORD.mp3 exists
[skip ] 02_witness.mp3 exists
[skip ] 03_scripture.mp3 exists
[skip ] 04_witness.mp3 exists
[skip ] 05_scripture.mp3 exists
[render] [06] witness (UzI1NsMEV3ni5JRkRSls) ... ok (392,925 bytes)
[skip ] 07_scripture.mp3 exists
[skip ] 08_witness.mp3 exists
[skip ] 09_the_LORD.mp3 exists
[skip ] 10_witness.mp3 exists
[skip ] 11_scripture.mp3 exists
[skip ] 12_witness.mp3 exists
[skip ] 13_scripture.mp3 exists
[skip ] 14_witness.mp3 exists
[skip ] 15_jesus.mp3 exists
[skip ] 16_witness.mp3 exists
[skip ] 17_scripture.mp3 exists
[skip ] 18_witness.mp3 exists

[probe] natural durations:
  QUOTE witness     72.56s
  QUOTE the_LORD    12.00s
  QUOTE witness     23.44s
  QUOTE scripture    9.84s
  QUOTE witness     27.44s
  QUOTE scripture    2.56s
  QUOTE witness     24.48s
  QUOTE scripture    4.16s
  QUOTE witness     14.48s
  QUOTE the_LORD     9.12s
  QUOTE witness     12.72s
  QUOTE scripture    1.92s
  QUOTE witness     72.08s
  QUOTE scripture    5.52s
  QUOTE witness     98.16s
  QUOTE jesus        6.24s
  QUOTE witness     26.64s
  QUOTE scripture   20.96s
  QUOTE witness    158.96s
  TOTAL natural: 603.28s (narrator 0.00s + quotes 603.28s)

[plan] NATURAL mode — atempo locked 1.0 (no stretch). natural total=616.58s vs ceiling 900.0s
[ok] under the 900.0s ceiling by 283.42s — leaving it natural.

[plan] target=900.0s  quote_total=603.28s  pauses=13.30s (19 quote(s) × pre=0.4s+post=0.3s)  narrator_target=283.42s  atempo=1.0000

[concat] 57 segments  total=616.58s (target 900.0s, delta -283.42s)
[done] wrote C:\Users\sanjay\PycharmProjects\JesusInTheBible\longform\EW06_Noah\v1\narration.mp3  duration=616.58s
[done] wrote C:\Users\sanjay\PycharmProjects\JesusInTheBible\longform\EW06_Noah\v1\narration.meta.json
