[gate] skipped (--no-gate)
[parse] 7 turn(s):
  [00] narrator    204 chars
  [01] david       106 chars
  [02] narrator    121 chars
  [03] mocker      100 chars
  [04] narrator    156 chars
  [05] mocker       68 chars
  [06] narrator    520 chars
[skip ] 00_narrator.mp3 exists
[render] [01] david (puDRtQWF8NtQiPMJygTb) ... ok (102,026 bytes)
[skip ] 02_narrator.mp3 exists
[skip ] 03_mocker.mp3 exists
[skip ] 04_narrator.mp3 exists
[skip ] 05_mocker.mp3 exists
[skip ] 06_narrator.mp3 exists

[probe] natural durations:
  NARR narrator    12.56s
  QUOTE david        6.32s
  NARR narrator     7.76s
  QUOTE mocker       8.24s
  NARR narrator    11.20s
  QUOTE mocker       4.88s
  NARR narrator    38.96s
  TOTAL natural: 89.92s (narrator 70.48s + quotes 19.44s)

[plan] target=78.0s  quote_total=19.44s  pauses=1.20s (3 quote(s) × pre=0.4s+post=0.0s)  narrator_target=57.36s  atempo=1.2287
[atempo] [00] 00_narrator.mp3 -> 00_narrator__atempo.mp3 (factor 1.2287)
[atempo] [02] 02_narrator.mp3 -> 02_narrator__atempo.mp3 (factor 1.2287)
[atempo] [04] 04_narrator.mp3 -> 04_narrator__atempo.mp3 (factor 1.2287)
[atempo] [06] 06_narrator.mp3 -> 06_narrator__atempo.mp3 (factor 1.2287)

[concat] 10 segments  total=78.02s (target 78.0s, delta +0.02s)
[done] wrote v2\pilot\mockers_words_ps22\v1\narration.mp3  duration=78.02s
[done] wrote v2\pilot\mockers_words_ps22\v1\narration.meta.json
