[gate] skipped (--no-gate)
[parse] 5 turn(s):
  [00] narrator    251 chars
  [01] isaiah      159 chars
  [02] narrator    186 chars
  [03] peter       155 chars
  [04] narrator    448 chars
[skip ] 00_narrator.mp3 exists
[render] [01] isaiah (UzI1NsMEV3ni5JRkRSls) ... ok (189,379 bytes)
[skip ] 02_narrator.mp3 exists
[render] [03] peter (puDRtQWF8NtQiPMJygTb) ... ok (199,410 bytes)
[render] [04] narrator (LSi9zNCeliLuhIGGS0By) ... ok (573,066 bytes)

[probe] natural durations:
  NARR narrator    15.04s
  QUOTE isaiah      11.76s
  NARR narrator    12.88s
  QUOTE peter       12.40s
  NARR narrator    35.76s
  TOTAL natural: 87.84s (narrator 63.68s + quotes 24.16s)

[plan] target=74.0s  quote_total=24.16s  pauses=0.80s (2 quote(s) × pre=0.4s+post=0.0s)  narrator_target=49.04s  atempo=1.2985
[atempo] [00] 00_narrator.mp3 -> 00_narrator__atempo.mp3 (factor 1.2985)
[atempo] [02] 02_narrator.mp3 -> 02_narrator__atempo.mp3 (factor 1.2985)
[atempo] [04] 04_narrator.mp3 -> 04_narrator__atempo.mp3 (factor 1.2985)

[concat] 7 segments  total=74.02s (target 74.0s, delta +0.02s)
[done] wrote v2\pilot\isaiah_53_5_with_his_stripes\v1\narration.mp3  duration=74.02s
[done] wrote v2\pilot\isaiah_53_5_with_his_stripes\v1\narration.meta.json
